mode: atomic
go-tests-aula2-morning/tests/mock/mock.go:10.52,20.2 3 4
go-tests-aula2-morning/tests/mock/mock.go:22.53,26.2 2 0
go-tests-aula2-morning/tests/mock/stub.go:13.52,21.2 3 1
go-tests-aula2-morning/tests/mock/stub.go:23.53,25.2 1 0
